[2026-05-03 00:24:33] ═══ Email Daemon démarré ═══
[2026-05-03 00:24:33] Vérification toutes les 30 secondes
[2026-05-03 00:24:33] Boîte : secondtest0002@gmail.com
[2026-05-03 00:24:33] Vérification #1...
[2026-05-03 00:24:35] Aucun email non lu
[2026-05-03 00:24:35] Prochaine vérification dans 30s...
[2026-05-03 00:25:05] Vérification #2...
[2026-05-03 00:25:06] Aucun email non lu
[2026-05-03 00:25:06] Prochaine vérification dans 30s...
[2026-05-03 00:25:36] Vérification #3...
[2026-05-03 00:25:38] Aucun email non lu
[2026-05-03 00:25:38] Prochaine vérification dans 30s...
[2026-05-03 00:26:08] Vérification #4...
[2026-05-03 00:26:09] Aucun email non lu
[2026-05-03 00:26:09] Prochaine vérification dans 30s...
[2026-05-03 00:26:39] Vérification #5...
[2026-05-03 00:26:41] Aucun email non lu
[2026-05-03 00:26:41] Prochaine vérification dans 30s...
[2026-05-03 00:27:11] Vérification #6...
[2026-05-03 00:27:12] Aucun email non lu
[2026-05-03 00:27:12] Prochaine vérification dans 30s...
[2026-05-03 00:27:42] Vérification #7...
[2026-05-03 00:27:48] Aucun email non lu
[2026-05-03 00:27:48] Prochaine vérification dans 30s...
[2026-05-03 00:28:18] Vérification #8...
[2026-05-03 00:28:20] Aucun email non lu
[2026-05-03 00:28:20] Prochaine vérification dans 30s...
[2026-05-03 00:28:50] Vérification #9...
[2026-05-03 00:28:53] Aucun email non lu
[2026-05-03 00:28:53] Prochaine vérification dans 30s...
[2026-05-03 00:29:23] Vérification #10...
[2026-05-03 00:29:24] Aucun email non lu
[2026-05-03 00:29:24] Prochaine vérification dans 30s...
[2026-05-03 00:29:54] Vérification #11...
[2026-05-03 00:29:55] Aucun email non lu
[2026-05-03 00:29:55] Prochaine vérification dans 30s...
[2026-05-03 00:30:25] Vérification #12...
[2026-05-03 00:30:27] Aucun email non lu
[2026-05-03 00:30:27] Prochaine vérification dans 30s...
[2026-05-03 00:30:57] Vérification #13...
[2026-05-03 00:30:58] Aucun email non lu
[2026-05-03 00:30:58] Prochaine vérification dans 30s...
[2026-05-03 00:31:28] Vérification #14...
[2026-05-03 00:31:30] Aucun email non lu
[2026-05-03 00:31:30] Prochaine vérification dans 30s...
[2026-05-03 00:32:00] Vérification #15...
[2026-05-03 00:32:03] Aucun email non lu
[2026-05-03 00:32:03] Prochaine vérification dans 30s...
[2026-05-03 00:32:33] Vérification #16...
[2026-05-03 00:32:36] Aucun email non lu
[2026-05-03 00:32:36] Prochaine vérification dans 30s...
[2026-05-03 00:33:06] Vérification #17...
[2026-05-03 00:33:08] Aucun email non lu
[2026-05-03 00:33:08] Prochaine vérification dans 30s...
[2026-05-03 00:33:38] Vérification #18...
[2026-05-03 00:33:40] Aucun email non lu
[2026-05-03 00:33:40] Prochaine vérification dans 30s...
[2026-05-03 00:34:10] Vérification #19...
[2026-05-03 00:34:12] Aucun email non lu
[2026-05-03 00:34:12] Prochaine vérification dans 30s...
[2026-05-03 00:34:42] Vérification #20...
[2026-05-03 00:34:44] Aucun email non lu
[2026-05-03 00:34:44] Prochaine vérification dans 30s...
[2026-05-03 00:35:14] Vérification #21...
[2026-05-03 00:35:15] Aucun email non lu
[2026-05-03 00:35:15] Prochaine vérification dans 30s...
[2026-05-03 00:35:45] Vérification #22...
[2026-05-03 00:35:47] Aucun email non lu
[2026-05-03 00:35:47] Prochaine vérification dans 30s...
[2026-05-03 00:36:17] Vérification #23...
[2026-05-03 00:36:18] Aucun email non lu
[2026-05-03 00:36:18] Prochaine vérification dans 30s...
[2026-05-03 00:36:48] Vérification #24...
[2026-05-03 00:36:49] Aucun email non lu
[2026-05-03 00:36:49] Prochaine vérification dans 30s...
[2026-05-03 00:37:19] Vérification #25...
[2026-05-03 00:37:21] Aucun email non lu
[2026-05-03 00:37:21] Prochaine vérification dans 30s...
[2026-05-03 00:37:51] Vérification #26...
[2026-05-03 00:37:52] Aucun email non lu
[2026-05-03 00:37:52] Prochaine vérification dans 30s...
[2026-05-03 00:38:22] Vérification #27...
[2026-05-03 00:38:23] Aucun email non lu
[2026-05-03 00:38:23] Prochaine vérification dans 30s...
[2026-05-03 00:38:53] Vérification #28...
[2026-05-03 00:38:55] Aucun email non lu
[2026-05-03 00:38:55] Prochaine vérification dans 30s...
[2026-05-03 00:39:25] Vérification #29...
[2026-05-03 00:39:27] Aucun email non lu
[2026-05-03 00:39:27] Prochaine vérification dans 30s...
[2026-05-03 00:39:57] Vérification #30...
[2026-05-03 00:39:58] Aucun email non lu
[2026-05-03 00:39:58] Prochaine vérification dans 30s...
[2026-05-03 00:40:28] Vérification #31...
[2026-05-03 00:40:29] Aucun email non lu
[2026-05-03 00:40:29] Prochaine vérification dans 30s...
[2026-05-03 00:40:59] Vérification #32...
[2026-05-03 00:41:00] Aucun email non lu
[2026-05-03 00:41:00] Prochaine vérification dans 30s...
[2026-05-03 00:41:30] Vérification #33...
[2026-05-03 00:41:32] Aucun email non lu
[2026-05-03 00:41:32] Prochaine vérification dans 30s...
[2026-05-03 00:42:02] Vérification #34...
[2026-05-03 00:42:03] Aucun email non lu
[2026-05-03 00:42:03] Prochaine vérification dans 30s...
[2026-05-03 00:42:33] Vérification #35...
[2026-05-03 00:42:35] Aucun email non lu
[2026-05-03 00:42:35] Prochaine vérification dans 30s...
[2026-05-03 00:43:05] Vérification #36...
[2026-05-03 00:43:06] Aucun email non lu
[2026-05-03 00:43:06] Prochaine vérification dans 30s...
[2026-05-03 00:43:36] Vérification #37...
[2026-05-03 00:43:37] Aucun email non lu
[2026-05-03 00:43:37] Prochaine vérification dans 30s...
[2026-05-03 00:44:07] Vérification #38...
[2026-05-03 00:44:09] Aucun email non lu
[2026-05-03 00:44:09] Prochaine vérification dans 30s...
[2026-05-03 00:44:39] Vérification #39...
[2026-05-03 00:44:41] Aucun email non lu
[2026-05-03 00:44:41] Prochaine vérification dans 30s...
[2026-05-03 00:45:11] Vérification #40...
[2026-05-03 00:45:12] Aucun email non lu
[2026-05-03 00:45:12] Prochaine vérification dans 30s...
